
> manhal@7.2.0 build
> vite build

[36mvite v5.4.21 [32mbuilding for production...[36m[39m
transforming...
[32m✓[39m 163 modules transformed.

[31mx[39m Build failed in 4.64s
[31merror during build:
[31msrc/pages/admin/AdminMembersPage.tsx (3:9): "createUserAccount" is not exported by "src/lib/auth.ts", imported by "src/pages/admin/AdminMembersPage.tsx".[31m
file: [36mC:/Users/Shendyy/dddd/src/pages/admin/AdminMembersPage.tsx:3:9[31m
[33m
1: import { useRef } from 'react';
2: import { parseCsv, buildSampleCsv, SAMPLE_CSV_COLUMNS } from '@/lib/csv';
3: import { createUserAccount } from '@/lib/auth';
            ^
4: import { useState } from 'react';
5: import { useCollection, useRealtimeCollection } from '@/lib/useRealtimeCollection';
[31m
    at getRollupError (file:///C:/Users/Shendyy/dddd/node_modules/rollup/dist/es/shared/parseAst.js:319:41)
    at error (file:///C:/Users/Shendyy/dddd/node_modules/rollup/dist/es/shared/parseAst.js:315:42)
    at Module.error (file:///C:/Users/Shendyy/dddd/node_modules/rollup/dist/es/shared/node-entry.js:17671:16)
    at Module.traceVariable (file:///C:/Users/Shendyy/dddd/node_modules/rollup/dist/es/shared/node-entry.js:18104:29)
    at ModuleScope.findVariable (file:///C:/Users/Shendyy/dddd/node_modules/rollup/dist/es/shared/node-entry.js:15694:39)
    at FunctionScope.findVariable (file:///C:/Users/Shendyy/dddd/node_modules/rollup/dist/es/shared/node-entry.js:5887:38)
    at FunctionBodyScope.findVariable (file:///C:/Users/Shendyy/dddd/node_modules/rollup/dist/es/shared/node-entry.js:5887:38)
    at ReturnValueScope.findVariable (file:///C:/Users/Shendyy/dddd/node_modules/rollup/dist/es/shared/node-entry.js:5887:38)
    at FunctionBodyScope.findVariable (file:///C:/Users/Shendyy/dddd/node_modules/rollup/dist/es/shared/node-entry.js:5887:38)
    at BlockScope.findVariable (file:///C:/Users/Shendyy/dddd/node_modules/rollup/dist/es/shared/node-entry.js:5887:38)[39m
